// Jest Snapshot v1, https://goo.gl/fbAQLP

exports[`Child renders correctly 1`] = `
<View
  style={
    Object {
      "alignItems": "center",
      "marginTop": 20,
    }
  }
  testID="Child"
>
  <Text
    accessible={true}
    allowFontScaling={true}
    ellipsizeMode="tail"
    style={
      Object {
        "fontSize": 18,
        "marginBottom": 20,
      }
    }
    testID="ChildTitle"
  >
    Capitalized Text:
  </Text>
  <Text
    accessible={true}
    allowFontScaling={true}
    ellipsizeMode="tail"
    style={
      Object {
        "fontSize": 16,
        "padding": 20,
      }
    }
    testID="ChildOutput"
  >
    mock string value
  </Text>
  <View
    accessibilityComponentType={undefined}
    accessibilityLabel={undefined}
    accessibilityTraits={undefined}
    accessible={true}
    collapsable={undefined}
    hasTVPreferredFocus={undefined}
    hitSlop={undefined}
    isTVSelectable={true}
    nativeID={undefined}
    onLayout={undefined}
    onResponderGrant={[Function]}
    onResponderMove={[Function]}
    onResponderRelease={[Function]}
    onResponderTerminate={[Function]}
    onResponderTerminationRequest={[Function]}
    onStartShouldSetResponder={[Function]}
    style={
      Object {
        "opacity": 1,
      }
    }
    testID="ClearText"
    tvParallaxProperties={undefined}
  >
    <Text
      accessible={true}
      allowFontScaling={true}
      ellipsizeMode="tail"
      style={
        Object {
          "backgroundColor": "darkkhaki",
          "borderRadius": 6,
          "color": "azure",
          "fontSize": 18,
          "fontWeight": "bold",
          "marginTop": 30,
          "paddingHorizontal": 15,
          "paddingVertical": 10,
        }
      }
    >
      CLEAR TEXT
    </Text>
  </View>
</View>
`;
